#0 building with "default" instance using docker driver

#1 [internal] load build definition from Dockerfile.broken
#1 transferring dockerfile: 493B done
#1 DONE 0.0s

#2 [internal] load metadata for m.daocloud.io/docker.io/library/python@sha256:f82c96458eedc847b233e582eb31336f4954b39cae020b6dcf5b3ed0e5cbcd74
#2 DONE 0.7s

#3 [internal] load .dockerignore
#3 transferring context: 2B done
#3 DONE 0.0s

#4 [1/4] FROM m.daocloud.io/docker.io/library/python@sha256:f82c96458eedc847b233e582eb31336f4954b39cae020b6dcf5b3ed0e5cbcd74
#4 resolve m.daocloud.io/docker.io/library/python@sha256:f82c96458eedc847b233e582eb31336f4954b39cae020b6dcf5b3ed0e5cbcd74 0.0s done
#4 DONE 0.0s

#5 [internal] load build context
#5 transferring context: 665B done
#5 DONE 0.0s

#6 [2/4] WORKDIR /work
#6 CACHED

#7 [3/4] COPY main.c Makefile ./
#7 DONE 0.0s

#8 [4/4] RUN make
#8 0.127 /bin/sh: 1: make: not found
#8 ERROR: process "/bin/sh -c make" did not complete successfully: exit code: 127
------
 > [4/4] RUN make:
0.127 /bin/sh: 1: make: not found
------
Dockerfile.broken:8
--------------------
   6 |     WORKDIR /work
   7 |     COPY main.c Makefile ./
   8 | >>> RUN make
   9 |     CMD ["./hello"]
  10 |     
--------------------
ERROR: failed to build: failed to solve: process "/bin/sh -c make" did not complete successfully: exit code: 127
broken_exit_code=1
